// Jest Snapshot v1, https://goo.gl/fbAQLP

exports[`should render expense list item 1`] = `
<div>
  <Link
    replace={false}
    to="/edit/1"
  >
    <h3>
      gum
    </h3>
  </Link>
  <p>
    Amount: 
    19500
  </p>
  <p>
    Created At: 
    0
  </p>
</div>
`;
