// Jest Snapshot v1, https://goo.gl/fbAQLP

exports[`Should render Header component 1`] = `
<header>
  <h1>
    Expensify
  </h1>
  <ul>
    <li>
      <NavLink
        activeClassName="is-active"
        ariaCurrent="true"
        exact={true}
        to="/"
      >
        Dashboard
      </NavLink>
    </li>
    <li>
      <NavLink
        activeClassName="is-active"
        ariaCurrent="true"
        exact={true}
        to="/create"
      >
        New Expense
      </NavLink>
    </li>
  </ul>
</header>
`;
