// Jest Snapshot v1, https://goo.gl/fbAQLP

exports[`should render login page correctly 1`] = `
<div>
  <h1>
    This is the login page
  </h1>
  <button
    onClick={[Function]}
  >
    Login
  </button>
</div>
`;
